1 1.750000
3.300000
4.600000
4.150000	2.100000
7.500000
	10.000000
