1 1.75	2.533333
	3.900000
4.133333
3.100000     6.066666
	7.000000
